C:\Users\psing\Desktop\Urban\backend\app\providers\gemini.py:1: FutureWarning: 

All support for the `google.generativeai` package has ended. It will no longer be receiving 
updates or bug fixes. Please switch to the `google.genai` package as soon as possible.
See README for more details:

https://github.com/google-gemini/deprecated-generative-ai-python/blob/main/README.md

  import google.generativeai as genai
WeasyPrint not available: cannot load library 'C:\Program Files\Tesseract-OCR\libgobject-2.0-0.dll': error 0x7e
Job test_job_123 failed: 49 validation errors for ExtractedPage
tables.0.3.0
  Input should be a valid string [type=string_type, input_value=None, input_type=NoneType]
    For further information visit https://errors.pydantic.dev/2.10/v/string_type
tables.0.3.1
  Input should be a valid string [type=string_type, input_value=None, input_type=NoneType]
    For further information visit https://errors.pydantic.dev/2.10/v/string_type
tables.0.3.3
  Input should be a valid string [type=string_type, input_value=None, input_type=NoneType]
    For further information visit https://errors.pydantic.dev/2.10/v/string_type
tables.0.4.1
  Input should be a valid string [type=string_type, input_value=None, input_type=NoneType]
    For further information visit https://errors.pydantic.dev/2.10/v/string_type
tables.0.4.2
  Input should be a valid string [type=string_type, input_value=None, input_type=NoneType]
    For further information visit https://errors.pydantic.dev/2.10/v/string_type
tables.0.4.3
  Input should be a valid string [type=string_type, input_value=None, input_type=NoneType]
    For further information visit https://errors.pydantic.dev/2.10/v/string_type
tables.0.5.0
  Input should be a valid string [type=string_type, input_value=None, input_type=NoneType]
    For further information visit https://errors.pydantic.dev/2.10/v/string_type
tables.0.5.1
  Input should be a valid string [type=string_type, input_value=None, input_type=NoneType]
    For further information visit https://errors.pydantic.dev/2.10/v/string_type
tables.0.5.3
  Input should be a valid string [type=string_type, input_value=None, input_type=NoneType]
    For further information visit https://errors.pydantic.dev/2.10/v/string_type
tables.0.7.0
  Input should be a valid string [type=string_type, input_value=None, input_type=NoneType]
    For further information visit https://errors.pydantic.dev/2.10/v/string_type
tables.0.7.1
  Input should be a valid string [type=string_type, input_value=None, input_type=NoneType]
    For further information visit https://errors.pydantic.dev/2.10/v/string_type
tables.0.7.3
  Input should be a valid string [type=string_type, input_value=None, input_type=NoneType]
    For further information visit https://errors.pydantic.dev/2.10/v/string_type
tables.0.8.1
  Input should be a valid string [type=string_type, input_value=None, input_type=NoneType]
    For further information visit https://errors.pydantic.dev/2.10/v/string_type
tables.0.8.2
  Input should be a valid string [type=string_type, input_value=None, input_type=NoneType]
    For further information visit https://errors.pydantic.dev/2.10/v/string_type
tables.0.8.3
  Input should be a valid string [type=string_type, input_value=None, input_type=NoneType]
    For further information visit https://errors.pydantic.dev/2.10/v/string_type
tables.0.9.0
  Input should be a valid string [type=string_type, input_value=None, input_type=NoneType]
    For further information visit https://errors.pydantic.dev/2.10/v/string_type
tables.0.9.1
  Input should be a valid string [type=string_type, input_value=None, input_type=NoneType]
    For further information visit https://errors.pydantic.dev/2.10/v/string_type
tables.0.9.3
  Input should be a valid string [type=string_type, input_value=None, input_type=NoneType]
    For further information visit https://errors.pydantic.dev/2.10/v/string_type
tables.0.10.1
  Input should be a valid string [type=string_type, input_value=None, input_type=NoneType]
    For further information visit https://errors.pydantic.dev/2.10/v/string_type
tables.0.10.2
  Input should be a valid string [type=string_type, input_value=None, input_type=NoneType]
    For further information visit https://errors.pydantic.dev/2.10/v/string_type
tables.0.10.3
  Input should be a valid string [type=string_type, input_value=None, input_type=NoneType]
    For further information visit https://errors.pydantic.dev/2.10/v/string_type
tables.0.12.0
  Input should be a valid string [type=string_type, input_value=None, input_type=NoneType]
    For further information visit https://errors.pydantic.dev/2.10/v/string_type
tables.0.12.1
  Input should be a valid string [type=string_type, input_value=None, input_type=NoneType]
    For further information visit https://errors.pydantic.dev/2.10/v/string_type
tables.0.12.3
  Input should be a valid string [type=string_type, input_value=None, input_type=NoneType]
    For further information visit https://errors.pydantic.dev/2.10/v/string_type
tables.0.13.1
  Input should be a valid string [type=string_type, input_value=None, input_type=NoneType]
    For further information visit https://errors.pydantic.dev/2.10/v/string_type
tables.0.13.2
  Input should be a valid string [type=string_type, input_value=None, input_type=NoneType]
    For further information visit https://errors.pydantic.dev/2.10/v/string_type
tables.0.13.3
  Input should be a valid string [type=string_type, input_value=None, input_type=NoneType]
    For further information visit https://errors.pydantic.dev/2.10/v/string_type
tables.0.14.0
  Input should be a valid string [type=string_type, input_value=None, input_type=NoneType]
    For further information visit https://errors.pydantic.dev/2.10/v/string_type
tables.0.14.1
  Input should be a valid string [type=string_type, input_value=None, input_type=NoneType]
    For further information visit https://errors.pydantic.dev/2.10/v/string_type
tables.0.14.3
  Input should be a valid string [type=string_type, input_value=None, input_type=NoneType]
    For further information visit https://errors.pydantic.dev/2.10/v/string_type
tables.0.15.1
  Input should be a valid string [type=string_type, input_value=None, input_type=NoneType]
    For further information visit https://errors.pydantic.dev/2.10/v/string_type
tables.0.15.2
  Input should be a valid string [type=string_type, input_value=None, input_type=NoneType]
    For further information visit https://errors.pydantic.dev/2.10/v/string_type
tables.0.15.3
  Input should be a valid string [type=string_type, input_value=None, input_type=NoneType]
    For further information visit https://errors.pydantic.dev/2.10/v/string_type
tables.0.17.1
  Input should be a valid string [type=string_type, input_value=None, input_type=NoneType]
    For further information visit https://errors.pydantic.dev/2.10/v/string_type
tables.0.17.3
  Input should be a valid string [type=string_type, input_value=None, input_type=NoneType]
    For further information visit https://errors.pydantic.dev/2.10/v/string_type
tables.0.18.1
  Input should be a valid string [type=string_type, input_value=None, input_type=NoneType]
    For further information visit https://errors.pydantic.dev/2.10/v/string_type
tables.0.18.3
  Input should be a valid string [type=string_type, input_value=None, input_type=NoneType]
    For further information visit https://errors.pydantic.dev/2.10/v/string_type
tables.0.20.1
  Input should be a valid string [type=string_type, input_value=None, input_type=NoneType]
    For further information visit https://errors.pydantic.dev/2.10/v/string_type
tables.0.20.3
  Input should be a valid string [type=string_type, input_value=None, input_type=NoneType]
    For further information visit https://errors.pydantic.dev/2.10/v/string_type
tables.0.21.1
  Input should be a valid string [type=string_type, input_value=None, input_type=NoneType]
    For further information visit https://errors.pydantic.dev/2.10/v/string_type
tables.0.21.3
  Input should be a valid string [type=string_type, input_value=None, input_type=NoneType]
    For further information visit https://errors.pydantic.dev/2.10/v/string_type
tables.0.23.1
  Input should be a valid string [type=string_type, input_value=None, input_type=NoneType]
    For further information visit https://errors.pydantic.dev/2.10/v/string_type
tables.0.23.3
  Input should be a valid string [type=string_type, input_value=None, input_type=NoneType]
    For further information visit https://errors.pydantic.dev/2.10/v/string_type
tables.0.24.1
  Input should be a valid string [type=string_type, input_value=None, input_type=NoneType]
    For further information visit https://errors.pydantic.dev/2.10/v/string_type
tables.0.24.3
  Input should be a valid string [type=string_type, input_value=None, input_type=NoneType]
    For further information visit https://errors.pydantic.dev/2.10/v/string_type
tables.0.26.1
  Input should be a valid string [type=string_type, input_value=None, input_type=NoneType]
    For further information visit https://errors.pydantic.dev/2.10/v/string_type
tables.0.26.3
  Input should be a valid string [type=string_type, input_value=None, input_type=NoneType]
    For further information visit https://errors.pydantic.dev/2.10/v/string_type
tables.0.27.1
  Input should be a valid string [type=string_type, input_value=None, input_type=NoneType]
    For further information visit https://errors.pydantic.dev/2.10/v/string_type
tables.0.27.3
  Input should be a valid string [type=string_type, input_value=None, input_type=NoneType]
    For further information visit https://errors.pydantic.dev/2.10/v/string_type

-----

WeasyPrint could not import some external libraries. Please carefully follow the installation steps before reporting an issue:
https://doc.courtbouillon.org/weasyprint/stable/first_steps.html#installation
https://doc.courtbouillon.org/weasyprint/stable/first_steps.html#troubleshooting 

-----

Starting generator sequence...
Final End-to-End Status: {'job_id': 'test_job_123', 'status': 'failed', 'progress': 10, 'updated_at': datetime.datetime(2026, 3, 31, 17, 57, 45, 248757), 'error': '49 validation errors for ExtractedPage\ntables.0.3.0\n  Input should be a valid string [type=string_type, input_value=None, input_type=NoneType]\n    For further information visit https://errors.pydantic.dev/2.10/v/string_type\ntables.0.3.1\n  Input should be a valid string [type=string_type, input_value=None, input_type=NoneType]\n    For further information visit https://errors.pydantic.dev/2.10/v/string_type\ntables.0.3.3\n  Input should be a valid string [type=string_type, input_value=None, input_type=NoneType]\n    For further information visit https://errors.pydantic.dev/2.10/v/string_type\ntables.0.4.1\n  Input should be a valid string [type=string_type, input_value=None, input_type=NoneType]\n    For further information visit https://errors.pydantic.dev/2.10/v/string_type\ntables.0.4.2\n  Input should be a valid string [type=string_type, input_value=None, input_type=NoneType]\n    For further information visit https://errors.pydantic.dev/2.10/v/string_type\ntables.0.4.3\n  Input should be a valid string [type=string_type, input_value=None, input_type=NoneType]\n    For further information visit https://errors.pydantic.dev/2.10/v/string_type\ntables.0.5.0\n  Input should be a valid string [type=string_type, input_value=None, input_type=NoneType]\n    For further information visit https://errors.pydantic.dev/2.10/v/string_type\ntables.0.5.1\n  Input should be a valid string [type=string_type, input_value=None, input_type=NoneType]\n    For further information visit https://errors.pydantic.dev/2.10/v/string_type\ntables.0.5.3\n  Input should be a valid string [type=string_type, input_value=None, input_type=NoneType]\n    For further information visit https://errors.pydantic.dev/2.10/v/string_type\ntables.0.7.0\n  Input should be a valid string [type=string_type, input_value=None, input_type=NoneType]\n    For further information visit https://errors.pydantic.dev/2.10/v/string_type\ntables.0.7.1\n  Input should be a valid string [type=string_type, input_value=None, input_type=NoneType]\n    For further information visit https://errors.pydantic.dev/2.10/v/string_type\ntables.0.7.3\n  Input should be a valid string [type=string_type, input_value=None, input_type=NoneType]\n    For further information visit https://errors.pydantic.dev/2.10/v/string_type\ntables.0.8.1\n  Input should be a valid string [type=string_type, input_value=None, input_type=NoneType]\n    For further information visit https://errors.pydantic.dev/2.10/v/string_type\ntables.0.8.2\n  Input should be a valid string [type=string_type, input_value=None, input_type=NoneType]\n    For further information visit https://errors.pydantic.dev/2.10/v/string_type\ntables.0.8.3\n  Input should be a valid string [type=string_type, input_value=None, input_type=NoneType]\n    For further information visit https://errors.pydantic.dev/2.10/v/string_type\ntables.0.9.0\n  Input should be a valid string [type=string_type, input_value=None, input_type=NoneType]\n    For further information visit https://errors.pydantic.dev/2.10/v/string_type\ntables.0.9.1\n  Input should be a valid string [type=string_type, input_value=None, input_type=NoneType]\n    For further information visit https://errors.pydantic.dev/2.10/v/string_type\ntables.0.9.3\n  Input should be a valid string [type=string_type, input_value=None, input_type=NoneType]\n    For further information visit https://errors.pydantic.dev/2.10/v/string_type\ntables.0.10.1\n  Input should be a valid string [type=string_type, input_value=None, input_type=NoneType]\n    For further information visit https://errors.pydantic.dev/2.10/v/string_type\ntables.0.10.2\n  Input should be a valid string [type=string_type, input_value=None, input_type=NoneType]\n    For further information visit https://errors.pydantic.dev/2.10/v/string_type\ntables.0.10.3\n  Input should be a valid string [type=string_type, input_value=None, input_type=NoneType]\n    For further information visit https://errors.pydantic.dev/2.10/v/string_type\ntables.0.12.0\n  Input should be a valid string [type=string_type, input_value=None, input_type=NoneType]\n    For further information visit https://errors.pydantic.dev/2.10/v/string_type\ntables.0.12.1\n  Input should be a valid string [type=string_type, input_value=None, input_type=NoneType]\n    For further information visit https://errors.pydantic.dev/2.10/v/string_type\ntables.0.12.3\n  Input should be a valid string [type=string_type, input_value=None, input_type=NoneType]\n    For further information visit https://errors.pydantic.dev/2.10/v/string_type\ntables.0.13.1\n  Input should be a valid string [type=string_type, input_value=None, input_type=NoneType]\n    For further information visit https://errors.pydantic.dev/2.10/v/string_type\ntables.0.13.2\n  Input should be a valid string [type=string_type, input_value=None, input_type=NoneType]\n    For further information visit https://errors.pydantic.dev/2.10/v/string_type\ntables.0.13.3\n  Input should be a valid string [type=string_type, input_value=None, input_type=NoneType]\n    For further information visit https://errors.pydantic.dev/2.10/v/string_type\ntables.0.14.0\n  Input should be a valid string [type=string_type, input_value=None, input_type=NoneType]\n    For further information visit https://errors.pydantic.dev/2.10/v/string_type\ntables.0.14.1\n  Input should be a valid string [type=string_type, input_value=None, input_type=NoneType]\n    For further information visit https://errors.pydantic.dev/2.10/v/string_type\ntables.0.14.3\n  Input should be a valid string [type=string_type, input_value=None, input_type=NoneType]\n    For further information visit https://errors.pydantic.dev/2.10/v/string_type\ntables.0.15.1\n  Input should be a valid string [type=string_type, input_value=None, input_type=NoneType]\n    For further information visit https://errors.pydantic.dev/2.10/v/string_type\ntables.0.15.2\n  Input should be a valid string [type=string_type, input_value=None, input_type=NoneType]\n    For further information visit https://errors.pydantic.dev/2.10/v/string_type\ntables.0.15.3\n  Input should be a valid string [type=string_type, input_value=None, input_type=NoneType]\n    For further information visit https://errors.pydantic.dev/2.10/v/string_type\ntables.0.17.1\n  Input should be a valid string [type=string_type, input_value=None, input_type=NoneType]\n    For further information visit https://errors.pydantic.dev/2.10/v/string_type\ntables.0.17.3\n  Input should be a valid string [type=string_type, input_value=None, input_type=NoneType]\n    For further information visit https://errors.pydantic.dev/2.10/v/string_type\ntables.0.18.1\n  Input should be a valid string [type=string_type, input_value=None, input_type=NoneType]\n    For further information visit https://errors.pydantic.dev/2.10/v/string_type\ntables.0.18.3\n  Input should be a valid string [type=string_type, input_value=None, input_type=NoneType]\n    For further information visit https://errors.pydantic.dev/2.10/v/string_type\ntables.0.20.1\n  Input should be a valid string [type=string_type, input_value=None, input_type=NoneType]\n    For further information visit https://errors.pydantic.dev/2.10/v/string_type\ntables.0.20.3\n  Input should be a valid string [type=string_type, input_value=None, input_type=NoneType]\n    For further information visit https://errors.pydantic.dev/2.10/v/string_type\ntables.0.21.1\n  Input should be a valid string [type=string_type, input_value=None, input_type=NoneType]\n    For further information visit https://errors.pydantic.dev/2.10/v/string_type\ntables.0.21.3\n  Input should be a valid string [type=string_type, input_value=None, input_type=NoneType]\n    For further information visit https://errors.pydantic.dev/2.10/v/string_type\ntables.0.23.1\n  Input should be a valid string [type=string_type, input_value=None, input_type=NoneType]\n    For further information visit https://errors.pydantic.dev/2.10/v/string_type\ntables.0.23.3\n  Input should be a valid string [type=string_type, input_value=None, input_type=NoneType]\n    For further information visit https://errors.pydantic.dev/2.10/v/string_type\ntables.0.24.1\n  Input should be a valid string [type=string_type, input_value=None, input_type=NoneType]\n    For further information visit https://errors.pydantic.dev/2.10/v/string_type\ntables.0.24.3\n  Input should be a valid string [type=string_type, input_value=None, input_type=NoneType]\n    For further information visit https://errors.pydantic.dev/2.10/v/string_type\ntables.0.26.1\n  Input should be a valid string [type=string_type, input_value=None, input_type=NoneType]\n    For further information visit https://errors.pydantic.dev/2.10/v/string_type\ntables.0.26.3\n  Input should be a valid string [type=string_type, input_value=None, input_type=NoneType]\n    For further information visit https://errors.pydantic.dev/2.10/v/string_type\ntables.0.27.1\n  Input should be a valid string [type=string_type, input_value=None, input_type=NoneType]\n    For further information visit https://errors.pydantic.dev/2.10/v/string_type\ntables.0.27.3\n  Input should be a valid string [type=string_type, input_value=None, input_type=NoneType]\n    For further information visit https://errors.pydantic.dev/2.10/v/string_type'}
